eeschema (2013-03-10 BZR 3992)-stable  >> Creation date: 02/05/2013 13:52:58
#Cmp ( ordre = Référence )
| C1         47uF        
| C2         100nF       
| C3         100uF       
| C4         100nF       
| C5         100nF       
| C6         1uF         
| C7         100nF       
| C8         10nF        
| C9         100nF       
| C10        47uF        
| C11        47uF        
| C12        100nF       
| C13        100nF       
| C14        100nF       
| C15        100nF       
| C16        2.2uF       
| C17        12pF        
| C18        12pF        
| C19        100uF       
| C20        10nF        
| C21        100nF       
| C22        100nF       
| C23        100nF       
| C24        100uF       
| C25        10nF        
| C26        100uF       
| C27        10nF        
| C28        100uF       
| C29        10nF        
| C30        100nF       
| C31        100nF       
| C32        2.2uF       
| C33        12pF        
| C34        12pF        
| C35        100uF       
| C36        10nF        
| C37        100nF       
| C38        100nF       
| C39        100nF       
| C40        100uF       
| C41        10nF        
| C42        100uF       
| C43        10nF        
| C44        100uF       
| C45        10nF        
| C46        100nF       
| C47        100nF       
| C48        100nF       
| C50        100nF       
| C51        100nF       
| C52        100nF       
| C53        100uF       
| D1         12V TVS     
| D2         3.3V TVS    
| D3         3.3V TVS    
| D4         3.3V TVS    
| D5         3.3V TVS    
| D6         3.3V TVS    
| D7         MBRS340T3G  
| J1         MOLEX_0015244745
| J2         USB_CONNEC  
| J1001      HOLE_BP     
| J1002      HOLE_BP     
| J1003      HOLE_BP     
| J1004      HOLE_BP     
| J1005      HOLE_BP     
| J1006      HOLE_BP     
| J1007      HOLE_BP     
| J1008      HOLE_BP     
| J1009      HOLE_BP     
| J1010      HOLE_BP     
| J1011      HOLE_BP     
| J1012      HOLE_BP     
| J1013      HOLE_BP     
| J1014      HOLE_BP     
| J1015      HOLE_BP     
| J1016      HOLE_BP     
| J1017      HOLE_BP     
| J1018      HOLE_BP     
| J1019      HOLE_BP     
| J1020      HOLE_BP     
| J1021      HOLE_BP     
| J1022      HOLE_BP     
| L1         10uH        
| R1         2k          
| R2         2k          
| R3         2k          
| R4         2k          
| R5         2k          
| R6         100k        
| R7         15k         
| R8         15k         
| R9         15k         
| R10        15k         
| R11        15k         
| R12        15k         
| R13        15k         
| R14        15k         
| R15        15k         
| R16        15k         
| R17        15k         
| R18        100k        
| R19        100k        
| R20        15k         
| R21        15k         
| R22        15k         
| R23        15k         
| R24        15k         
| R25        15k         
| R26        15k         
| R27        15k         
| R28        15k         
| R29        15k         
| R30        15k         
| R31        100k        
| R32        100         
| U1         USB_CONNEC  
| U2         TE-8-1393640-3
| U3         TE-8-1393640-3
| U4         R-535.0PA   
| U5         MAX1685     
| U6         TE-8-1393640-3
| U7         TE-8-1393640-3
| U8         TE-8-1393640-3
| U9         FOX924B     
| U10        SN65LVDM176DGK
| U11        TPS2044BDR  
| U12        CY7C65621-56LTXC
| U13        USBLC6-2    
| U14        USBLC6-2    
| U15        USBLC6-2    
| U16        USBLC6-2    
| U17        USBLC6-2    
| U18        TPS2044BDR  
| U19        CY7C65621-56LTXC
| U20        USBLC6-2    
| U21        USBLC6-2    
| U22        USBLC6-2    
| U23        USBLC6-2    
| U24        USBLC6-2    
| U25        CUBIEBOARD  
| X1         24MHz       
| X2         24MHz       
#End Cmp

#Cmp ( ordre = Valeur )
| 12pF         C17       
| 12pF         C33       
| 12pF         C18       
| 12pF         C34       
| 10nF         C8        
| 10nF         C20       
| 10nF         C36       
| 10nF         C25       
| 10nF         C41       
| 10nF         C27       
| 10nF         C43       
| 10nF         C29       
| 10nF         C45       
| 100nF        C2        
| 100nF        C4        
| 100nF        C5        
| 100nF        C7        
| 100nF        C9        
| 100nF        C12       
| 100nF        C13       
| 100nF        C14       
| 100nF        C30       
| 100nF        C15       
| 100nF        C31       
| 100nF        C21       
| 100nF        C37       
| 100nF        C22       
| 100nF        C38       
| 100nF        C23       
| 100nF        C47       
| 100nF        C39       
| 100nF        C48       
| 100nF        C46       
| 100nF        C50       
| 100nF        C51       
| 100nF        C52       
| 1uF          C6        
| 2.2uF        C16       
| 2.2uF        C32       
| 47uF         C10       
| 47uF         C11       
| 47uF         C1        
| 100uF        C3        
| 100uF        C19       
| 100uF        C35       
| 100uF        C24       
| 100uF        C40       
| 100uF        C26       
| 100uF        C42       
| 100uF        C28       
| 100uF        C44       
| 100uF        C53       
| 3.3V TVS     D2        
| 3.3V TVS     D3        
| 3.3V TVS     D4        
| 3.3V TVS     D5        
| 3.3V TVS     D6        
| MBRS340T3G   D7        
| 12V TVS      D1        
| MOLEX_0015244745 J1        
| HOLE_BP      J1001     
| HOLE_BP      J1002     
| HOLE_BP      J1003     
| HOLE_BP      J1004     
| HOLE_BP      J1005     
| HOLE_BP      J1006     
| HOLE_BP      J1007     
| HOLE_BP      J1008     
| HOLE_BP      J1009     
| HOLE_BP      J1010     
| HOLE_BP      J1011     
| HOLE_BP      J1012     
| HOLE_BP      J1013     
| HOLE_BP      J1014     
| HOLE_BP      J1015     
| HOLE_BP      J1016     
| HOLE_BP      J1017     
| HOLE_BP      J1018     
| HOLE_BP      J1019     
| HOLE_BP      J1020     
| HOLE_BP      J1021     
| HOLE_BP      J1022     
| USB_CONNEC   J2        
| 10uH         L1        
| 100          R32       
| 2k           R1        
| 2k           R2        
| 2k           R3        
| 2k           R4        
| 2k           R5        
| 15k          R7        
| 15k          R20       
| 15k          R8        
| 15k          R21       
| 15k          R9        
| 15k          R22       
| 15k          R10       
| 15k          R23       
| 15k          R11       
| 15k          R24       
| 15k          R12       
| 15k          R25       
| 15k          R13       
| 15k          R26       
| 15k          R14       
| 15k          R27       
| 15k          R15       
| 15k          R28       
| 15k          R16       
| 15k          R29       
| 15k          R17       
| 15k          R30       
| 100k         R6        
| 100k         R19       
| 100k         R18       
| 100k         R31       
| R-535.0PA    U4        
| MAX1685      U5        
| FOX924B      U9        
| SN65LVDM176DGK U10       
| TPS2044BDR   U11       
| TPS2044BDR   U18       
| USBLC6-2     U13       
| USBLC6-2     U20       
| USBLC6-2     U14       
| USBLC6-2     U21       
| USBLC6-2     U15       
| USBLC6-2     U22       
| USBLC6-2     U16       
| USBLC6-2     U23       
| USBLC6-2     U17       
| USBLC6-2     U24       
| CUBIEBOARD   U25       
| USB_CONNEC   U1        
| TE-8-1393640-3 U2        
| TE-8-1393640-3 U3        
| TE-8-1393640-3 U6        
| TE-8-1393640-3 U7        
| TE-8-1393640-3 U8        
| CY7C65621-56LTXC U12       
| CY7C65621-56LTXC U19       
| 24MHz        X1        
| 24MHz        X2        
#End Cmp

#End List
