Archive member included because of file (symbol)

c:/program files (x86)/atmel/atmel toolchain/avr8 gcc/native/3.4.2.1002/avr8-gnu-toolchain/bin/../lib/gcc/avr/4.7.2/avr5\libgcc.a(_exit.o)
                              c:/program files (x86)/atmel/atmel toolchain/avr8 gcc/native/3.4.2.1002/avr8-gnu-toolchain/bin/../lib/gcc/avr/4.7.2/../../../../avr/lib/avr5/crtm32u4.o (exit)
c:/program files (x86)/atmel/atmel toolchain/avr8 gcc/native/3.4.2.1002/avr8-gnu-toolchain/bin/../lib/gcc/avr/4.7.2/avr5\libgcc.a(_tablejump.o)
                              usb_serial.o (__tablejump2__)
c:/program files (x86)/atmel/atmel toolchain/avr8 gcc/native/3.4.2.1002/avr8-gnu-toolchain/bin/../lib/gcc/avr/4.7.2/avr5\libgcc.a(_copy_data.o)
                              rack_fw.o (__do_copy_data)
c:/program files (x86)/atmel/atmel toolchain/avr8 gcc/native/3.4.2.1002/avr8-gnu-toolchain/bin/../lib/gcc/avr/4.7.2/avr5\libgcc.a(_clear_bss.o)
                              rack_fw.o (__do_clear_bss)
c:/program files (x86)/atmel/atmel toolchain/avr8 gcc/native/3.4.2.1002/avr8-gnu-toolchain/bin/../lib/gcc/avr/4.7.2/avr5\libgcc.a(_umulhisi3.o)
                              utils.o (__umulhisi3)

Allocating common symbols
Common symbol       size              file

overcurrent_states  0x2               rack_fw.o
current_result_buffer_pointer
                    0x1               rack_fw.o
channels_results    0x50              rack_fw.o
current_channel     0x1               rack_fw.o
conv_round_finished
                    0x1               rack_fw.o

Discarded input sections

 .bss           0x00000000        0x0 c:/program files (x86)/atmel/atmel toolchain/avr8 gcc/native/3.4.2.1002/avr8-gnu-toolchain/bin/../lib/gcc/avr/4.7.2/../../../../avr/lib/avr5/crtm32u4.o
 .text          0x00000000        0x0 i2c.o
 .bss           0x00000000        0x0 i2c.o
 .text.wait_for_twr
                0x00000000        0xe i2c.o
 .text.initiate_write
                0x00000000       0x86 i2c.o
 .text.write_nb_chars
                0x00000000       0x72 i2c.o
 .text.initiate_eeprom_read
                0x00000000       0x68 i2c.o
 .text.get_next_eeprom_byte
                0x00000000       0x40 i2c.o
 .text.read_nb_chars
                0x00000000       0x8e i2c.o
 .text          0x00000000        0x0 rack_fw.o
 .bss           0x00000000        0x0 rack_fw.o
 .text          0x00000000        0x0 usb_serial.o
 .bss           0x00000000        0x0 usb_serial.o
 .text.usb_configured
                0x00000000        0x6 usb_serial.o
 .text.usb_serial_available
                0x00000000       0x34 usb_serial.o
 .text.usb_serial_flush_input
                0x00000000       0x2c usb_serial.o
 .text.usb_serial_putchar
                0x00000000       0xb8 usb_serial.o
 .text.usb_serial_putchar_nowait
                0x00000000       0x42 usb_serial.o
 .text.usb_serial_flush_output
                0x00000000       0x20 usb_serial.o
 .text.usb_serial_get_baud
                0x00000000        0xe usb_serial.o
 .text.usb_serial_get_stopbits
                0x00000000        0x6 usb_serial.o
 .text.usb_serial_get_paritytype
                0x00000000        0x6 usb_serial.o
 .text.usb_serial_get_numbits
                0x00000000        0x6 usb_serial.o
 .text.usb_serial_get_control
                0x00000000        0x6 usb_serial.o
 .text.usb_serial_set_control
                0x00000000       0x4e usb_serial.o
 .text          0x00000000        0x0 utils.o
 .bss           0x00000000        0x0 utils.o
 .text.string_to_char
                0x00000000       0x4c utils.o
 .text.clear_string
                0x00000000       0x1e utils.o
 .text.char_to_string
                0x00000000       0x9e utils.o
 .text          0x00000000        0x0 c:/program files (x86)/atmel/atmel toolchain/avr8 gcc/native/3.4.2.1002/avr8-gnu-toolchain/bin/../lib/gcc/avr/4.7.2/avr5\libgcc.a(_exit.o)
 .bss           0x00000000        0x0 c:/program files (x86)/atmel/atmel toolchain/avr8 gcc/native/3.4.2.1002/avr8-gnu-toolchain/bin/../lib/gcc/avr/4.7.2/avr5\libgcc.a(_exit.o)
 .text.libgcc.mul
                0x00000000        0x0 c:/program files (x86)/atmel/atmel toolchain/avr8 gcc/native/3.4.2.1002/avr8-gnu-toolchain/bin/../lib/gcc/avr/4.7.2/avr5\libgcc.a(_exit.o)
 .text.libgcc.div
                0x00000000        0x0 c:/program files (x86)/atmel/atmel toolchain/avr8 gcc/native/3.4.2.1002/avr8-gnu-toolchain/bin/../lib/gcc/avr/4.7.2/avr5\libgcc.a(_exit.o)
 .text.libgcc   0x00000000        0x0 c:/program files (x86)/atmel/atmel toolchain/avr8 gcc/native/3.4.2.1002/avr8-gnu-toolchain/bin/../lib/gcc/avr/4.7.2/avr5\libgcc.a(_exit.o)
 .text.libgcc.prologue
                0x00000000        0x0 c:/program files (x86)/atmel/atmel toolchain/avr8 gcc/native/3.4.2.1002/avr8-gnu-toolchain/bin/../lib/gcc/avr/4.7.2/avr5\libgcc.a(_exit.o)
 .text.libgcc.builtins
                0x00000000        0x0 c:/program files (x86)/atmel/atmel toolchain/avr8 gcc/native/3.4.2.1002/avr8-gnu-toolchain/bin/../lib/gcc/avr/4.7.2/avr5\libgcc.a(_exit.o)
 .text.libgcc.fmul
                0x00000000        0x0 c:/program files (x86)/atmel/atmel toolchain/avr8 gcc/native/3.4.2.1002/avr8-gnu-toolchain/bin/../lib/gcc/avr/4.7.2/avr5\libgcc.a(_exit.o)
 .text          0x00000000        0x0 c:/program files (x86)/atmel/atmel toolchain/avr8 gcc/native/3.4.2.1002/avr8-gnu-toolchain/bin/../lib/gcc/avr/4.7.2/avr5\libgcc.a(_tablejump.o)
 .bss           0x00000000        0x0 c:/program files (x86)/atmel/atmel toolchain/avr8 gcc/native/3.4.2.1002/avr8-gnu-toolchain/bin/../lib/gcc/avr/4.7.2/avr5\libgcc.a(_tablejump.o)
 .text.libgcc.mul
                0x00000000        0x0 c:/program files (x86)/atmel/atmel toolchain/avr8 gcc/native/3.4.2.1002/avr8-gnu-toolchain/bin/../lib/gcc/avr/4.7.2/avr5\libgcc.a(_tablejump.o)
 .text.libgcc.div
                0x00000000        0x0 c:/program files (x86)/atmel/atmel toolchain/avr8 gcc/native/3.4.2.1002/avr8-gnu-toolchain/bin/../lib/gcc/avr/4.7.2/avr5\libgcc.a(_tablejump.o)
 .text.libgcc.prologue
                0x00000000        0x0 c:/program files (x86)/atmel/atmel toolchain/avr8 gcc/native/3.4.2.1002/avr8-gnu-toolchain/bin/../lib/gcc/avr/4.7.2/avr5\libgcc.a(_tablejump.o)
 .text.libgcc.builtins
                0x00000000        0x0 c:/program files (x86)/atmel/atmel toolchain/avr8 gcc/native/3.4.2.1002/avr8-gnu-toolchain/bin/../lib/gcc/avr/4.7.2/avr5\libgcc.a(_tablejump.o)
 .text.libgcc.fmul
                0x00000000        0x0 c:/program files (x86)/atmel/atmel toolchain/avr8 gcc/native/3.4.2.1002/avr8-gnu-toolchain/bin/../lib/gcc/avr/4.7.2/avr5\libgcc.a(_tablejump.o)
 .text          0x00000000        0x0 c:/program files (x86)/atmel/atmel toolchain/avr8 gcc/native/3.4.2.1002/avr8-gnu-toolchain/bin/../lib/gcc/avr/4.7.2/avr5\libgcc.a(_copy_data.o)
 .bss           0x00000000        0x0 c:/program files (x86)/atmel/atmel toolchain/avr8 gcc/native/3.4.2.1002/avr8-gnu-toolchain/bin/../lib/gcc/avr/4.7.2/avr5\libgcc.a(_copy_data.o)
 .text.libgcc.mul
                0x00000000        0x0 c:/program files (x86)/atmel/atmel toolchain/avr8 gcc/native/3.4.2.1002/avr8-gnu-toolchain/bin/../lib/gcc/avr/4.7.2/avr5\libgcc.a(_copy_data.o)
 .text.libgcc.div
                0x00000000        0x0 c:/program files (x86)/atmel/atmel toolchain/avr8 gcc/native/3.4.2.1002/avr8-gnu-toolchain/bin/../lib/gcc/avr/4.7.2/avr5\libgcc.a(_copy_data.o)
 .text.libgcc   0x00000000        0x0 c:/program files (x86)/atmel/atmel toolchain/avr8 gcc/native/3.4.2.1002/avr8-gnu-toolchain/bin/../lib/gcc/avr/4.7.2/avr5\libgcc.a(_copy_data.o)
 .text.libgcc.prologue
                0x00000000        0x0 c:/program files (x86)/atmel/atmel toolchain/avr8 gcc/native/3.4.2.1002/avr8-gnu-toolchain/bin/../lib/gcc/avr/4.7.2/avr5\libgcc.a(_copy_data.o)
 .text.libgcc.builtins
                0x00000000        0x0 c:/program files (x86)/atmel/atmel toolchain/avr8 gcc/native/3.4.2.1002/avr8-gnu-toolchain/bin/../lib/gcc/avr/4.7.2/avr5\libgcc.a(_copy_data.o)
 .text.libgcc.fmul
                0x00000000        0x0 c:/program files (x86)/atmel/atmel toolchain/avr8 gcc/native/3.4.2.1002/avr8-gnu-toolchain/bin/../lib/gcc/avr/4.7.2/avr5\libgcc.a(_copy_data.o)
 .text          0x00000000        0x0 c:/program files (x86)/atmel/atmel toolchain/avr8 gcc/native/3.4.2.1002/avr8-gnu-toolchain/bin/../lib/gcc/avr/4.7.2/avr5\libgcc.a(_clear_bss.o)
 .bss           0x00000000        0x0 c:/program files (x86)/atmel/atmel toolchain/avr8 gcc/native/3.4.2.1002/avr8-gnu-toolchain/bin/../lib/gcc/avr/4.7.2/avr5\libgcc.a(_clear_bss.o)
 .text.libgcc.mul
                0x00000000        0x0 c:/program files (x86)/atmel/atmel toolchain/avr8 gcc/native/3.4.2.1002/avr8-gnu-toolchain/bin/../lib/gcc/avr/4.7.2/avr5\libgcc.a(_clear_bss.o)
 .text.libgcc.div
                0x00000000        0x0 c:/program files (x86)/atmel/atmel toolchain/avr8 gcc/native/3.4.2.1002/avr8-gnu-toolchain/bin/../lib/gcc/avr/4.7.2/avr5\libgcc.a(_clear_bss.o)
 .text.libgcc   0x00000000        0x0 c:/program files (x86)/atmel/atmel toolchain/avr8 gcc/native/3.4.2.1002/avr8-gnu-toolchain/bin/../lib/gcc/avr/4.7.2/avr5\libgcc.a(_clear_bss.o)
 .text.libgcc.prologue
                0x00000000        0x0 c:/program files (x86)/atmel/atmel toolchain/avr8 gcc/native/3.4.2.1002/avr8-gnu-toolchain/bin/../lib/gcc/avr/4.7.2/avr5\libgcc.a(_clear_bss.o)
 .text.libgcc.builtins
                0x00000000        0x0 c:/program files (x86)/atmel/atmel toolchain/avr8 gcc/native/3.4.2.1002/avr8-gnu-toolchain/bin/../lib/gcc/avr/4.7.2/avr5\libgcc.a(_clear_bss.o)
 .text.libgcc.fmul
                0x00000000        0x0 c:/program files (x86)/atmel/atmel toolchain/avr8 gcc/native/3.4.2.1002/avr8-gnu-toolchain/bin/../lib/gcc/avr/4.7.2/avr5\libgcc.a(_clear_bss.o)
 .text          0x00000000        0x0 c:/program files (x86)/atmel/atmel toolchain/avr8 gcc/native/3.4.2.1002/avr8-gnu-toolchain/bin/../lib/gcc/avr/4.7.2/avr5\libgcc.a(_umulhisi3.o)
 .bss           0x00000000        0x0 c:/program files (x86)/atmel/atmel toolchain/avr8 gcc/native/3.4.2.1002/avr8-gnu-toolchain/bin/../lib/gcc/avr/4.7.2/avr5\libgcc.a(_umulhisi3.o)
 .text.libgcc.div
                0x00000000        0x0 c:/program files (x86)/atmel/atmel toolchain/avr8 gcc/native/3.4.2.1002/avr8-gnu-toolchain/bin/../lib/gcc/avr/4.7.2/avr5\libgcc.a(_umulhisi3.o)
 .text.libgcc   0x00000000        0x0 c:/program files (x86)/atmel/atmel toolchain/avr8 gcc/native/3.4.2.1002/avr8-gnu-toolchain/bin/../lib/gcc/avr/4.7.2/avr5\libgcc.a(_umulhisi3.o)
 .text.libgcc.prologue
                0x00000000        0x0 c:/program files (x86)/atmel/atmel toolchain/avr8 gcc/native/3.4.2.1002/avr8-gnu-toolchain/bin/../lib/gcc/avr/4.7.2/avr5\libgcc.a(_umulhisi3.o)
 .text.libgcc.builtins
                0x00000000        0x0 c:/program files (x86)/atmel/atmel toolchain/avr8 gcc/native/3.4.2.1002/avr8-gnu-toolchain/bin/../lib/gcc/avr/4.7.2/avr5\libgcc.a(_umulhisi3.o)
 .text.libgcc.fmul
                0x00000000        0x0 c:/program files (x86)/atmel/atmel toolchain/avr8 gcc/native/3.4.2.1002/avr8-gnu-toolchain/bin/../lib/gcc/avr/4.7.2/avr5\libgcc.a(_umulhisi3.o)

Memory Configuration

Name             Origin             Length             Attributes
text             0x00000000         0x00020000         xr
data             0x00800060         0x0000ffa0         rw !x
eeprom           0x00810000         0x00010000         rw !x
fuse             0x00820000         0x00000400         rw !x
lock             0x00830000         0x00000400         rw !x
signature        0x00840000         0x00000400         rw !x
user_signatures  0x00850000         0x00000400         rw !x
*default*        0x00000000         0xffffffff

Linker script and memory map

Address of section .data set to 0x800100
LOAD c:/program files (x86)/atmel/atmel toolchain/avr8 gcc/native/3.4.2.1002/avr8-gnu-toolchain/bin/../lib/gcc/avr/4.7.2/../../../../avr/lib/avr5/crtm32u4.o
LOAD i2c.o
LOAD rack_fw.o
LOAD usb_serial.o
LOAD utils.o
START GROUP
LOAD c:/program files (x86)/atmel/atmel toolchain/avr8 gcc/native/3.4.2.1002/avr8-gnu-toolchain/bin/../lib/gcc/avr/4.7.2/../../../../avr/lib/avr5\libm.a
END GROUP
LOAD c:/program files (x86)/atmel/atmel toolchain/avr8 gcc/native/3.4.2.1002/avr8-gnu-toolchain/bin/../lib/gcc/avr/4.7.2/avr5\libgcc.a
LOAD c:/program files (x86)/atmel/atmel toolchain/avr8 gcc/native/3.4.2.1002/avr8-gnu-toolchain/bin/../lib/gcc/avr/4.7.2/../../../../avr/lib/avr5\libc.a
LOAD c:/program files (x86)/atmel/atmel toolchain/avr8 gcc/native/3.4.2.1002/avr8-gnu-toolchain/bin/../lib/gcc/avr/4.7.2/avr5\libgcc.a

.hash
 *(.hash)

.dynsym
 *(.dynsym)

.dynstr
 *(.dynstr)

.gnu.version
 *(.gnu.version)

.gnu.version_d
 *(.gnu.version_d)

.gnu.version_r
 *(.gnu.version_r)

.rel.init
 *(.rel.init)

.rela.init
 *(.rela.init)

.rel.text
 *(.rel.text)
 *(.rel.text.*)
 *(.rel.gnu.linkonce.t*)

.rela.text
 *(.rela.text)
 *(.rela.text.*)
 *(.rela.gnu.linkonce.t*)

.rel.fini
 *(.rel.fini)

.rela.fini
 *(.rela.fini)

.rel.rodata
 *(.rel.rodata)
 *(.rel.rodata.*)
 *(.rel.gnu.linkonce.r*)

.rela.rodata
 *(.rela.rodata)
 *(.rela.rodata.*)
 *(.rela.gnu.linkonce.r*)

.rel.data
 *(.rel.data)
 *(.rel.data.*)
 *(.rel.gnu.linkonce.d*)

.rela.data
 *(.rela.data)
 *(.rela.data.*)
 *(.rela.gnu.linkonce.d*)

.rel.ctors
 *(.rel.ctors)

.rela.ctors
 *(.rela.ctors)

.rel.dtors
 *(.rel.dtors)

.rela.dtors
 *(.rela.dtors)

.rel.got
 *(.rel.got)

.rela.got
 *(.rela.got)

.rel.bss
 *(.rel.bss)

.rela.bss
 *(.rela.bss)

.rel.plt
 *(.rel.plt)

.rela.plt
 *(.rela.plt)

.text           0x00000000     0x12f2
 *(.vectors)
 .vectors       0x00000000       0xac c:/program files (x86)/atmel/atmel toolchain/avr8 gcc/native/3.4.2.1002/avr8-gnu-toolchain/bin/../lib/gcc/avr/4.7.2/../../../../avr/lib/avr5/crtm32u4.o
                0x00000000                __vector_default
                0x00000000                __vectors
 *(.vectors)
 *(.progmem.gcc*)
 .progmem.gcc_sw_table.usb_serial_write
                0x000000ac       0x82 usb_serial.o
 *(.progmem*)
 .progmem.data.descriptor_list
                0x0000012e       0x2a usb_serial.o
 .progmem.data.endpoint_config_table
                0x00000158        0xa usb_serial.o
 .progmem.data.device_descriptor
                0x00000162       0x12 usb_serial.o
 .progmem.data.config1_descriptor
                0x00000174       0x43 usb_serial.o
 .progmem.data.string0
                0x000001b7        0x4 usb_serial.o
 .progmem.data.string1
                0x000001bb       0x16 usb_serial.o
 .progmem.data.string2
                0x000001d1       0x18 usb_serial.o
 .progmem.data.string3
                0x000001e9        0xe usb_serial.o
                0x000001f8                . = ALIGN (0x2)
 *fill*         0x000001f7        0x1 
                0x000001f8                __trampolines_start = .
 *(.trampolines)
 .trampolines   0x000001f8        0x0 linker stubs
 *(.trampolines*)
                0x000001f8                __trampolines_end = .
 *(.jumptables)
 *(.jumptables*)
 *(.lowtext)
 *(.lowtext*)
                0x000001f8                __ctors_start = .
 *(.ctors)
                0x000001f8                __ctors_end = .
                0x000001f8                __dtors_start = .
 *(.dtors)
                0x000001f8                __dtors_end = .
 SORT(*)(.ctors)
 SORT(*)(.dtors)
 *(.init0)
 .init0         0x000001f8        0x0 c:/program files (x86)/atmel/atmel toolchain/avr8 gcc/native/3.4.2.1002/avr8-gnu-toolchain/bin/../lib/gcc/avr/4.7.2/../../../../avr/lib/avr5/crtm32u4.o
                0x000001f8                __init
 *(.init0)
 *(.init1)
 *(.init1)
 *(.init2)
 .init2         0x000001f8        0xc c:/program files (x86)/atmel/atmel toolchain/avr8 gcc/native/3.4.2.1002/avr8-gnu-toolchain/bin/../lib/gcc/avr/4.7.2/../../../../avr/lib/avr5/crtm32u4.o
 *(.init2)
 *(.init3)
 *(.init3)
 *(.init4)
 .init4         0x00000204       0x16 c:/program files (x86)/atmel/atmel toolchain/avr8 gcc/native/3.4.2.1002/avr8-gnu-toolchain/bin/../lib/gcc/avr/4.7.2/avr5\libgcc.a(_copy_data.o)
                0x00000204                __do_copy_data
 .init4         0x0000021a       0x10 c:/program files (x86)/atmel/atmel toolchain/avr8 gcc/native/3.4.2.1002/avr8-gnu-toolchain/bin/../lib/gcc/avr/4.7.2/avr5\libgcc.a(_clear_bss.o)
                0x0000021a                __do_clear_bss
 *(.init4)
 *(.init5)
 *(.init5)
 *(.init6)
 *(.init6)
 *(.init7)
 *(.init7)
 *(.init8)
 *(.init8)
 *(.init9)
 .init9         0x0000022a        0x8 c:/program files (x86)/atmel/atmel toolchain/avr8 gcc/native/3.4.2.1002/avr8-gnu-toolchain/bin/../lib/gcc/avr/4.7.2/../../../../avr/lib/avr5/crtm32u4.o
 *(.init9)
 *(.text)
 .text          0x00000232        0x4 c:/program files (x86)/atmel/atmel toolchain/avr8 gcc/native/3.4.2.1002/avr8-gnu-toolchain/bin/../lib/gcc/avr/4.7.2/../../../../avr/lib/avr5/crtm32u4.o
                0x00000232                __vector_38
                0x00000232                __vector_22
                0x00000232                __vector_28
                0x00000232                __vector_1
                0x00000232                __vector_32
                0x00000232                __vector_34
                0x00000232                __vector_24
                0x00000232                __vector_12
                0x00000232                __bad_interrupt
                0x00000232                __vector_6
                0x00000232                __vector_31
                0x00000232                __vector_35
                0x00000232                __vector_39
                0x00000232                __vector_3
                0x00000232                __vector_23
                0x00000232                __vector_30
                0x00000232                __vector_25
                0x00000232                __vector_13
                0x00000232                __vector_17
                0x00000232                __vector_19
                0x00000232                __vector_7
                0x00000232                __vector_41
                0x00000232                __vector_27
                0x00000232                __vector_5
                0x00000232                __vector_33
                0x00000232                __vector_37
                0x00000232                __vector_4
                0x00000232                __vector_9
                0x00000232                __vector_2
                0x00000232                __vector_21
                0x00000232                __vector_15
                0x00000232                __vector_36
                0x00000232                __vector_40
                0x00000232                __vector_8
                0x00000232                __vector_26
                0x00000232                __vector_14
                0x00000232                __vector_16
                0x00000232                __vector_18
                0x00000232                __vector_20
                0x00000232                __vector_42
                0x00000236                . = ALIGN (0x2)
 *(.text.*)
 .text.default_get_temperature
                0x00000236       0x8e i2c.o
                0x00000236                default_get_temperature
 .text.init_i2c_interface
                0x000002c4       0x1e i2c.o
                0x000002c4                init_i2c_interface
 .text.check_overcurrents
                0x000002e2      0x1fa rack_fw.o
                0x000002e2                check_overcurrents
 .text.__vector_29
                0x000004dc       0x90 rack_fw.o
                0x000004dc                __vector_29
 .text.compute_channel_avg
                0x0000056c       0x22 rack_fw.o
                0x0000056c                compute_channel_avg
 .text.init_platform
                0x0000058e       0x7a rack_fw.o
                0x0000058e                init_platform
 .text.output_status
                0x00000608      0x314 rack_fw.o
                0x00000608                output_status
 .text.main     0x0000091c       0x60 rack_fw.o
                0x0000091c                main
 .text.usb_init
                0x0000097c       0x32 usb_serial.o
                0x0000097c                usb_init
 .text.usb_serial_getchar
                0x000009ae       0x62 usb_serial.o
                0x000009ae                usb_serial_getchar
 .text.usb_serial_write
                0x00000a10      0x3c8 usb_serial.o
                0x00000a10                usb_serial_write
 .text.__vector_10
                0x00000dd8       0x7c usb_serial.o
                0x00000dd8                __vector_10
 .text.__vector_11
                0x00000e54      0x310 usb_serial.o
                0x00000e54                __vector_11
 .text.numchar_to_char
                0x00001164        0x4 utils.o
                0x00001164                numchar_to_char
 .text.hexachar_to_string
                0x00001168       0x2a utils.o
                0x00001168                hexachar_to_string
 .text.hexaint_to_string
                0x00001192       0x24 utils.o
                0x00001192                hexaint_to_string
 .text.chr_strlen
                0x000011b6       0x1c utils.o
                0x000011b6                chr_strlen
 .text.int_strlen
                0x000011d2       0x26 utils.o
                0x000011d2                int_strlen
 .text.str_ncpy
                0x000011f8       0x24 utils.o
                0x000011f8                str_ncpy
 .text.int_to_string
                0x0000121c       0xae utils.o
                0x0000121c                int_to_string
 .text.libgcc   0x000012ca        0xc c:/program files (x86)/atmel/atmel toolchain/avr8 gcc/native/3.4.2.1002/avr8-gnu-toolchain/bin/../lib/gcc/avr/4.7.2/avr5\libgcc.a(_tablejump.o)
                0x000012ca                __tablejump2__
                0x000012ce                __tablejump__
 .text.libgcc.mul
                0x000012d6       0x18 c:/program files (x86)/atmel/atmel toolchain/avr8 gcc/native/3.4.2.1002/avr8-gnu-toolchain/bin/../lib/gcc/avr/4.7.2/avr5\libgcc.a(_umulhisi3.o)
                0x000012d6                __umulhisi3
                0x000012ee                . = ALIGN (0x2)
 *(.fini9)
 .fini9         0x000012ee        0x0 c:/program files (x86)/atmel/atmel toolchain/avr8 gcc/native/3.4.2.1002/avr8-gnu-toolchain/bin/../lib/gcc/avr/4.7.2/avr5\libgcc.a(_exit.o)
                0x000012ee                _exit
                0x000012ee                exit
 *(.fini9)
 *(.fini8)
 *(.fini8)
 *(.fini7)
 *(.fini7)
 *(.fini6)
 *(.fini6)
 *(.fini5)
 *(.fini5)
 *(.fini4)
 *(.fini4)
 *(.fini3)
 *(.fini3)
 *(.fini2)
 *(.fini2)
 *(.fini1)
 *(.fini1)
 *(.fini0)
 .fini0         0x000012ee        0x4 c:/program files (x86)/atmel/atmel toolchain/avr8 gcc/native/3.4.2.1002/avr8-gnu-toolchain/bin/../lib/gcc/avr/4.7.2/avr5\libgcc.a(_exit.o)
 *(.fini0)
                0x000012f2                _etext = .

.data           0x00800100        0xe load address 0x000012f2
                0x00800100                PROVIDE (__data_start, .)
 *(.data)
 .data          0x00800100        0x0 c:/program files (x86)/atmel/atmel toolchain/avr8 gcc/native/3.4.2.1002/avr8-gnu-toolchain/bin/../lib/gcc/avr/4.7.2/../../../../avr/lib/avr5/crtm32u4.o
 .data          0x00800100        0x0 i2c.o
 .data          0x00800100        0x0 rack_fw.o
 .data          0x00800100        0x0 usb_serial.o
 .data          0x00800100        0x0 utils.o
 .data          0x00800100        0x0 c:/program files (x86)/atmel/atmel toolchain/avr8 gcc/native/3.4.2.1002/avr8-gnu-toolchain/bin/../lib/gcc/avr/4.7.2/avr5\libgcc.a(_exit.o)
 .data          0x00800100        0x0 c:/program files (x86)/atmel/atmel toolchain/avr8 gcc/native/3.4.2.1002/avr8-gnu-toolchain/bin/../lib/gcc/avr/4.7.2/avr5\libgcc.a(_tablejump.o)
 .data          0x00800100        0x0 c:/program files (x86)/atmel/atmel toolchain/avr8 gcc/native/3.4.2.1002/avr8-gnu-toolchain/bin/../lib/gcc/avr/4.7.2/avr5\libgcc.a(_copy_data.o)
 .data          0x00800100        0x0 c:/program files (x86)/atmel/atmel toolchain/avr8 gcc/native/3.4.2.1002/avr8-gnu-toolchain/bin/../lib/gcc/avr/4.7.2/avr5\libgcc.a(_clear_bss.o)
 .data          0x00800100        0x0 c:/program files (x86)/atmel/atmel toolchain/avr8 gcc/native/3.4.2.1002/avr8-gnu-toolchain/bin/../lib/gcc/avr/4.7.2/avr5\libgcc.a(_umulhisi3.o)
 *(.data*)
 .data.mux_channels
                0x00800100        0x5 rack_fw.o
                0x00800100                mux_channels
 .data.cdc_line_coding
                0x00800105        0x7 usb_serial.o
 *(.rodata)
 *(.rodata*)
 .rodata.str1.1
                0x0080010c        0x2 rack_fw.o
 *(.gnu.linkonce.d*)
                0x0080010e                . = ALIGN (0x2)
                0x0080010e                _edata = .
                0x0080010e                PROVIDE (__data_end, .)

.bss            0x0080010e       0x59
                0x0080010e                PROVIDE (__bss_start, .)
 *(.bss)
 *(.bss*)
 .bss.transmit_flush_timer
                0x0080010e        0x1 usb_serial.o
 .bss.usb_configuration
                0x0080010f        0x1 usb_serial.o
 .bss.cdc_line_rtsdtr
                0x00800110        0x1 usb_serial.o
 .bss.transmit_previous_timeout
                0x00800111        0x1 usb_serial.o
 *(COMMON)
 COMMON         0x00800112       0x55 rack_fw.o
                0x00800112                overcurrent_states
                0x00800114                current_result_buffer_pointer
                0x00800115                channels_results
                0x00800165                current_channel
                0x00800166                conv_round_finished
                0x00800167                PROVIDE (__bss_end, .)
                0x000012f2                __data_load_start = LOADADDR (.data)
                0x00001300                __data_load_end = (__data_load_start + SIZEOF (.data))

.noinit         0x00800167        0x0
                0x00800167                PROVIDE (__noinit_start, .)
 *(.noinit*)
                0x00800167                PROVIDE (__noinit_end, .)
                0x00800167                _end = .
                0x00800167                PROVIDE (__heap_start, .)

.eeprom         0x00810000        0x0
 *(.eeprom*)
                0x00810000                __eeprom_end = .

.fuse
 *(.fuse)
 *(.lfuse)
 *(.hfuse)
 *(.efuse)

.lock
 *(.lock*)

.signature
 *(.signature*)

.user_signatures
 *(.user_signatures*)

.stab           0x00000000      0x6cc
 *(.stab)
 .stab          0x00000000      0x6cc c:/program files (x86)/atmel/atmel toolchain/avr8 gcc/native/3.4.2.1002/avr8-gnu-toolchain/bin/../lib/gcc/avr/4.7.2/../../../../avr/lib/avr5/crtm32u4.o

.stabstr        0x00000000       0x97
 *(.stabstr)
 .stabstr       0x00000000       0x97 c:/program files (x86)/atmel/atmel toolchain/avr8 gcc/native/3.4.2.1002/avr8-gnu-toolchain/bin/../lib/gcc/avr/4.7.2/../../../../avr/lib/avr5/crtm32u4.o

.stab.excl
 *(.stab.excl)

.stab.exclstr
 *(.stab.exclstr)

.stab.index
 *(.stab.index)

.stab.indexstr
 *(.stab.indexstr)

.comment        0x00000000       0x2f
 *(.comment)
 .comment       0x00000000       0x2f i2c.o
                                 0x30 (size before relaxing)
 .comment       0x00000000       0x30 rack_fw.o
 .comment       0x00000000       0x30 usb_serial.o
 .comment       0x00000000       0x30 utils.o

.debug
 *(.debug)

.line
 *(.line)

.debug_srcinfo
 *(.debug_srcinfo)

.debug_sfnames
 *(.debug_sfnames)

.debug_aranges  0x00000000      0x1a8
 *(.debug_aranges)
 .debug_aranges
                0x00000000       0x58 i2c.o
 .debug_aranges
                0x00000058       0x48 rack_fw.o
 .debug_aranges
                0x000000a0       0xa0 usb_serial.o
 .debug_aranges
                0x00000140       0x68 utils.o

.debug_pubnames
 *(.debug_pubnames)

.debug_info     0x00000000     0x1a85
 *(.debug_info)
 .debug_info    0x00000000      0x4e0 i2c.o
 .debug_info    0x000004e0      0x895 rack_fw.o
 .debug_info    0x00000d75      0x951 usb_serial.o
 .debug_info    0x000016c6      0x3bf utils.o
 *(.gnu.linkonce.wi.*)

.debug_abbrev   0x00000000      0x6fc
 *(.debug_abbrev)
 .debug_abbrev  0x00000000      0x228 i2c.o
 .debug_abbrev  0x00000228      0x1b8 rack_fw.o
 .debug_abbrev  0x000003e0      0x1f8 usb_serial.o
 .debug_abbrev  0x000005d8      0x124 utils.o

.debug_line     0x00000000      0xb3e
 *(.debug_line)
 .debug_line    0x00000000      0x2e4 i2c.o
 .debug_line    0x000002e4      0x252 rack_fw.o
 .debug_line    0x00000536      0x498 usb_serial.o
 .debug_line    0x000009ce      0x170 utils.o

.debug_frame    0x00000000      0x488
 *(.debug_frame)
 .debug_frame   0x00000000       0xd4 i2c.o
 .debug_frame   0x000000d4       0xb4 rack_fw.o
 .debug_frame   0x00000188      0x1f4 usb_serial.o
 .debug_frame   0x0000037c      0x10c utils.o

.debug_str      0x00000000      0x70d
 *(.debug_str)
 .debug_str     0x00000000      0x20f i2c.o
                                0x25d (size before relaxing)
 .debug_str     0x0000020f      0x162 rack_fw.o
                                0x270 (size before relaxing)
 .debug_str     0x00000371      0x31e usb_serial.o
                                0x443 (size before relaxing)
 .debug_str     0x0000068f       0x7e utils.o
                                0x13a (size before relaxing)

.debug_loc      0x00000000     0x2168
 *(.debug_loc)
 .debug_loc     0x00000000      0x3f1 i2c.o
 .debug_loc     0x000003f1      0x21d rack_fw.o
 .debug_loc     0x0000060e     0x14d8 usb_serial.o
 .debug_loc     0x00001ae6      0x682 utils.o

.debug_macinfo
 *(.debug_macinfo)

.debug_pubtypes
 *(.debug_pubtypes)

.debug_ranges   0x00000000      0x1d0
 *(.debug_ranges)
 .debug_ranges  0x00000000       0x78 i2c.o
 .debug_ranges  0x00000078       0x38 rack_fw.o
 .debug_ranges  0x000000b0       0xc8 usb_serial.o
 .debug_ranges  0x00000178       0x58 utils.o

.debug_macro
 *(.debug_macro)
OUTPUT(rack_fw.elf elf32-avr)
LOAD linker stubs
